Microsoft Windows [versão 10.0.19041.450]
(c) 2020 Microsoft Corporation. Todos os direitos reservados.

C:\Users\32606>cd Desktop

C:\Users\32606\Desktop> git clone https://github.com/igor-gabriel-reg1sem2021/meu-tcc-java.git
Cloning into 'meu-tcc-java'...
remote: Enumerating objects: 8, done.
remote: Counting objects: 100% (8/8), done.
remote: Compressing objects: 100% (7/7), done.
remote: Total 8 (delta 1), reused 0 (delta 0), pack-reused 0
Receiving objects: 100% (8/8), done.
Resolving deltas: 100% (1/1), done.

C:\Users\32606\Desktop> cd meu-tcc-java

C:\Users\32606\Desktop\meu-tcc-java>git status
On branch main
Your branch is up to date with 'origin/main'.

Untracked files:
  (use "git add <file>..." to include in what will be committed)
        .classpath
        .project
        .settings/
        src/
        target/

nothing added to commit but untracked files present (use "git add" to track)

C:\Users\32606\Desktop\meu-tcc-java>git add .

C:\Users\32606\Desktop\meu-tcc-java>git status
On branch main
Your branch is up to date with 'origin/main'.

Changes to be committed:
  (use "git restore --staged <file>..." to unstage)
        new file:   .classpath
        new file:   .project
        new file:   .settings/org.eclipse.jdt.core.prefs
        new file:   .settings/org.eclipse.m2e.core.prefs
        new file:   src/main/resources/META-INF/persistence.xml
        new file:   src/main/resources/log4j.properties
        new file:   target/classes/META-INF/persistence.xml
        new file:   target/classes/log4j.properties


C:\Users\32606\Desktop\meu-tcc-java>git commit -m "Primeiro commit"
[main b61b346] Primeiro commit
 Committer: unknown <32606@fiecalunos.lan>
Your name and email address were configured automatically based
on your username and hostname. Please check that they are accurate.
You can suppress this message by setting them explicitly. Run the
following command and follow the instructions in your editor to edit
your configuration file:

    git config --global --edit

After doing this, you may fix the identity used for this commit with:

    git commit --amend --reset-author

 8 files changed, 75 insertions(+)
 create mode 100644 .classpath
 create mode 100644 .project
 create mode 100644 .settings/org.eclipse.jdt.core.prefs
 create mode 100644 .settings/org.eclipse.m2e.core.prefs
 create mode 100644 src/main/resources/META-INF/persistence.xml
 create mode 100644 src/main/resources/log4j.properties
 create mode 100644 target/classes/META-INF/persistence.xml
 create mode 100644 target/classes/log4j.properties

C:\Users\32606\Desktop\meu-tcc-java>git push origin main
info: please complete authentication in your browser...

Microsoft Windows [versão 10.0.19041.450]
(c) 2020 Microsoft Corporation. Todos os direitos reservados.

C:\Users\32606>cd Desktop

C:\Users\32606\Desktop>cd aula-tcc-java
O sistema não pode encontrar o caminho especificado.

C:\Users\32606\Desktop>cd meu-tcc-java

C:\Users\32606\Desktop\meu-tcc-java>git status
On branch main
Your branch is up to date with 'origin/main'.

nothing to commit, working tree clean

C:\Users\32606\Desktop\meu-tcc-java>git add commit .
fatal: pathspec 'commit' did not match any files

C:\Users\32606\Desktop\meu-tcc-java>git status
On branch main
Your branch is up to date with 'origin/main'.

nothing to commit, working tree clean

C:\Users\32606\Desktop\meu-tcc-java>git status
On branch main
Your branch is up to date with 'origin/main'.

nothing to commit, working tree clean

C:\Users\32606\Desktop\meu-tcc-java>git status
On branch main
Your branch is up to date with 'origin/main'.

Changes not staged for commit:
  (use "git add <file>..." to update what will be committed)
  (use "git restore <file>..." to discard changes in working directory)
        modified:   pom.xml

no changes added to commit (use "git add" and/or "git commit -a")

C:\Users\32606\Desktop\meu-tcc-java>git add .

C:\Users\32606\Desktop\meu-tcc-java>git commit -m "Primeiro commit"
[main c4698dc] Primeiro commit
 Committer: unknown <32606@fiecalunos.lan>
Your name and email address were configured automatically based
on your username and hostname. Please check that they are accurate.
You can suppress this message by setting them explicitly. Run the
following command and follow the instructions in your editor to edit
your configuration file:

    git config --global --edit

After doing this, you may fix the identity used for this commit with:

    git commit --amend --reset-author

 1 file changed, 14 insertions(+), 5 deletions(-)

C:\Users\32606\Desktop\meu-tcc-java>git push origin main
To https://github.com/igor-gabriel-reg1sem2021/meu-tcc-java.git
 ! [rejected]        main -> main (fetch first)
error: failed to push some refs to 'https://github.com/igor-gabriel-reg1sem2021/meu-tcc-java.git'
hint: Updates were rejected because the remote contains work that you do
hint: not have locally. This is usually caused by another repository pushing
hint: to the same ref. You may want to first integrate the remote changes
hint: (e.g., 'git pull ...') before pushing again.
hint: See the 'Note about fast-forwards' in 'git push --help' for details.

C:\Users\32606\Desktop\meu-tcc-java>git push -f origin main
Enumerating objects: 25, done.
Counting objects: 100% (25/25), done.
Delta compression using up to 8 threads
Compressing objects: 100% (17/17), done.
Writing objects: 100% (25/25), 4.34 KiB | 1.45 MiB/s, done.
Total 25 (delta 4), reused 6 (delta 1), pack-reused 0
remote: Resolving deltas: 100% (4/4), done.
To https://github.com/igor-gabriel-reg1sem2021/meu-tcc-java.git
 + f45f67b...c4698dc main -> main (forced update)

C:\Users\32606\Desktop\meu-tcc-java>
